read, delete, areas, centers, figures, sum_area, help, exit
Figures: 
Square: 
{0.000000 1.000000} 
{1.000000 2.000000} 
{2.000000 1.000000} 
{1.000000 0.000000} 

Centers: 
{1.000000 1.000000} 
Figures: 
Square: 
{0.000000 1.000000} 
{1.000000 2.000000} 
{2.000000 1.000000} 
{1.000000 0.000000} 

Rectangle: 
{0.000000 1.000000} 
{2.000000 3.000000} 
{3.000000 2.000000} 
{1.000000 0.000000} 

Areas: 
2.000000
6.000000
2.500000
Figures: 
Square: 
{0.000000 1.000000} 
{1.000000 2.000000} 
{2.000000 1.000000} 
{1.000000 0.000000} 

Rectangle: 
{0.000000 1.000000} 
{2.000000 3.000000} 
{3.000000 2.000000} 
{1.000000 0.000000} 

Triangle: 
{1.000000 2.000000} 
{6.000000 7.000000} 
{9.000000 8.000000} 

Summary area: 
10.500000
Figures: 
Square: 
{0.000000 1.000000} 
{1.000000 2.000000} 
{2.000000 1.000000} 
{1.000000 0.000000} 

Rectangle: 
{0.000000 1.000000} 
{2.000000 3.000000} 
{3.000000 2.000000} 
{1.000000 0.000000} 

Triangle: 
{1.000000 2.000000} 
{6.000000 7.000000} 
{9.000000 8.000000} 

Triangle: 
{1.300000 4.600000} 
{0.100000 5.700000} 
{9.123000 3.141500} 

Centers: 
{1.000000 1.000000} 
{1.500000 1.500000} 
{5.333333 5.666667} 
{3.507667 4.480500} 
Figures: 
Rectangle: 
{0.000000 1.000000} 
{2.000000 3.000000} 
{3.000000 2.000000} 
{1.000000 0.000000} 

Triangle: 
{1.000000 2.000000} 
{6.000000 7.000000} 
{9.000000 8.000000} 

Triangle: 
{1.300000 4.600000} 
{0.100000 5.700000} 
{9.123000 3.141500} 

There is no such element!
Figures: 
Rectangle: 
{0.000000 1.000000} 
{2.000000 3.000000} 
{3.000000 2.000000} 
{1.000000 0.000000} 

Triangle: 
{1.000000 2.000000} 
{6.000000 7.000000} 
{9.000000 8.000000} 

